---
test that plain rails still works joins and merge 1: SELECT "authors".* FROM "authors"
  INNER JOIN "posts" ON "posts"."author_id" = "authors"."id" INNER JOIN "comments"
  ON "comments"."post_id" = "posts"."id" WHERE "comments"."body" = 'body'
test that plain rails still works left_joins 1: SELECT "posts".* FROM "posts" LEFT
  OUTER JOIN "posts" "parents_posts" ON "parents_posts"."id" = "posts"."parent_id"
  LEFT OUTER JOIN "authors" ON "authors"."id" = "posts"."author_id"
